;; Copyright (c) 2015 chip-remote workers, All rights reserved.
;;
;; Terms for redistribution and use can be found in LICENCE.

(register #x00
  #:contents (readout #:offset 0 #:width 1)
             (reset #:offset 1 #:width 1))

(register #x01
  #:contents (lvds-swing #:offset 2 #:width 6))

(register #x03
  #:contents (high-performance-mode-1 #:offset 0 #:width 2))

(register #x25
  #:contents (test-pattern #:offset 0 #:width 3)
             (disable-gain #:offset 3 #:width 1)
             (gain #:offset 4 #:width 4))

(register #x26
  #:contents (lvds-data-strength #:offset 0 #:width 1)
             (lvds-clkout-strength #:offset 1 #:width 1))

(register #x3d
  #:contents (enable-offset-correction #:offset 5 #:width 1)
             (data-format #:offset 6 #:width 2))

(register #x3f
  #:contents (custom-pattern-high #:offset 0 #:width 8))

(register #x40
  #:contents (custom-pattern-low #:offset 2 #:width 6))

(register #x41
  #:contents (enable-clkout-fall #:offset 0 #:width 1)
             (clkout-rise-posn #:offset 1 #:width 2)
             (enable-clkout-rise #:offset 3 #:width 1)
             (cmos-clkout-strength #:offset 4 #:width 2)
             (lvds-cmos #:offset 6 #:width 2))

(register #x42
  #:contents (standby #:offset 2 #:width 1)
             (disable-low-latency #:offset 3 #:width 1)
             (clkout-fall-posn #:offset 6 #:width 2))

(register #x43
  #:contents (enable-lvds-swing #:offset 0 #:width 2)
             (power-down-outputs #:offset 4 #:width 1)
             (power-down-global #:offset 6 #:width 1))

(register #x4a
  #:contents (high-performance-mode-2 #:offset 0 #:width 1))

(register #xbf
  #:contents (offset-pedestal #:offset 2 #:width 6))

(register #xcf
  #:contents (offset-correction-time-constant #:offset 2 #:width 4)
             (freeze-offset-correction #:offset 7 #:width 1))

(register #xdf
  #:contents (low-speed #:offset 4 #:width 2))
